Threads: 20
time python3.9 -u run_config.py config/citeseer-gpn-gcn.edn
{"model_names" ["GPN-GCN"]
 "dataset_names" ["CiteSeer"]
 "samplers" ["own"]
 "budget" 20 ;; 20 classes
 "seed" 3133742069
 "repeats" 10
 "hyperparameters"
 {"entropy_pagerank_weighting" [-1 0 0.5 1 2]
  "label_propagation_uncertainty_treshold" [0 0.2] ;; 0 disables label propagation
  "hidden_dim_size" [64]
  "dropout" [0.5]
  "distance_loss_weight" [1]
  "learning_rate" [0.005]}}

GPN-GCN CiteSeer own
0.6160471441523119
0.6332728921124207
0.6278331822302811
0.6650045330915685
0.6237533998186764
0.5666364460562103
0.6414324569356301
0.6310063463281959
0.6368993653671804
0.599274705349048
0.6686310063463282
0.6912964641885766
0.6985494106980961
0.6663644605621033
0.6731640979147778
0.6550317316409792
0.6985494106980961
0.6931097008159565
0.6790571169537625
0.6486854034451496
0.6237533998186764
0.5584768812330009
0.6378059836808704
0.5797824116047144
0.6038077969174978
0.6124206708975521
0.5684496826835902
0.6196736174070716
0.5911151405258386
0.6355394378966455
0.6822302810516773
0.6817769718948323
0.6990027198549411
0.6618313689936537
0.6867633726201269
0.7003626473254759
0.6949229374433363
0.6835902085222122
0.6908431550317317
0.7175883952855848
0.6092475067996374
0.64324569356301
0.613327289211242
0.5838621940163191
0.5113327289211242
0.6373526745240253
0.6450589301903898
0.6450589301903898
0.6690843155031732
0.6110607434270172
0.7094288304623754
0.7089755213055303
0.7035358114233907
0.6654578422484134
0.6704442429737081
0.6944696282864914
0.6822302810516773
0.713961922030825
0.6731640979147778
0.6990027198549411
0.6704442429737081
0.5797824116047144
0.6042611060743427
0.6214868540344515
0.6536718041704442
0.656844968268359
0.6341795104261106
0.6455122393472348
0.6128739800543971
0.6636446056210336
0.684950135992747
0.670897552130553
0.6894832275611967
0.6890299184043518
0.7225747960108794
0.7048957388939256
0.6917497733454215
0.6690843155031732
0.7076155938349955
0.6935630099728014
0.656844968268359
0.6532184950135993
0.6695376246600181
0.6382592928377153
0.6763372620126926
0.6563916591115141
0.6355394378966455
0.6677243880326382
0.6908431550317317
0.6504986400725294
0.700815956482321
0.7153218495013599
0.7248413417951043
0.7248413417951043
0.7012692656391659
0.7203082502266546
0.7017225747960109
0.699909338168631
0.7166817769718948
0.6808703535811423
2141.82user 3709.15system 27:02.21elapsed 360%CPU (0avgtext+0avgdata 875444maxresident)k
11120inputs+1800outputs (0major+4608434minor)pagefaults 0swaps

============================= JOB FEEDBACK =============================

NodeName=uc2n517
Job ID: 22950001
Cluster: uc2
User/Group: ul_rvl52/ul_student
State: COMPLETED (exit code 0)
Nodes: 1
Cores per node: 20
CPU Utilized: 01:37:31
CPU Efficiency: 17.68% of 09:11:40 core-walltime
Job Wall-clock time: 00:27:35
Memory Utilized: 773.49 MB
Memory Efficiency: 0.82% of 91.80 GB
