Threads: 20
time python3.9 -u run_config.py config/citeseer-gcn.edn
{"model_names" ["GCN"]
 "dataset_names" ["CiteSeer"]
 "samplers" ["own"]
 "budget" 20 ;; 20 classes
 "seed" 3133742069
 "repeats" 10
 "hyperparameters"
 {"entropy_pagerank_weighting" [-1 0 0.5 1 2]
  "label_propagation_uncertainty_treshold" [0 0.2] ;; 0 disables label propagation
  "hidden_dim_size" [64]
  "dropout" [0.5]
  "distance_loss_weight" [1]
  "learning_rate" [0.005]}}

GCN CiteSeer own
0.6364460562103355
0.6536718041704442
0.6300997280145059
0.6441523118766999
0.6341795104261106
0.6532184950135993
0.656844968268359
0.656844968268359
0.6314596554850408
0.6659111514052584
0.6917497733454215
0.7130553037171351
0.6736174070716229
0.6754306436990027
0.7012692656391659
0.7103354487760652
0.7053490480507706
0.7230281051677244
0.7103354487760652
0.7243880326382592
0.6541251133272892
0.6926563916591115
0.6736174070716229
0.6659111514052584
0.6763372620126926
0.6699909338168631
0.6854034451495921
0.6681776971894833
0.6373526745240253
0.684950135992747
0.7048957388939256
0.7443336355394379
0.7175883952855848
0.7352674524025385
0.700815956482321
0.699909338168631
0.7311876699909338
0.7325475974614687
0.6912964641885766
0.7316409791477788
0.6441523118766999
0.6681776971894833
0.6514052583862194
0.6817769718948323
0.6731640979147778
0.6699909338168631
0.6663644605621033
0.6736174070716229
0.6890299184043518
0.6840435176790571
0.6894832275611967
0.7162284678150499
0.713961922030825
0.7121486854034451
0.7307343608340888
0.6926563916591115
0.700815956482321
0.71350861287398
0.7488667271078876
0.7003626473254759
0.6926563916591115
0.6926563916591115
0.64324569356301
0.6378059836808704
0.671350861287398
0.6799637352674524
0.6740707162284678
0.6622846781504986
0.655938349954669
0.6813236627379873
0.7366273798730735
0.7039891205802358
0.6767905711695377
0.6754306436990027
0.714868540344515
0.6962828649138713
0.6935630099728014
0.7221214868540344
0.7035358114233907
0.7271078875793291
0.6727107887579329
0.6790571169537625
0.6835902085222122
0.6668177697189483
0.6980961015412511
0.6731640979147778
0.6885766092475069
0.6745240253853128
0.6554850407978241
0.6749773345421578
0.7062556663644606
0.7252946509519492
0.7248413417951043
0.7416137805983681
0.7225747960108794
0.7357207615593835
0.742520398912058
0.7153218495013599
0.6817769718948323
0.7420670897552131
1735.23user 2521.08system 23:22.56elapsed 303%CPU (0avgtext+0avgdata 875936maxresident)k
12808inputs+1928outputs (0major+2966057minor)pagefaults 0swaps

============================= JOB FEEDBACK =============================

NodeName=uc2n514
Job ID: 22950000
Cluster: uc2
User/Group: ul_rvl52/ul_student
State: COMPLETED (exit code 0)
Nodes: 1
Cores per node: 20
CPU Utilized: 01:10:56
CPU Efficiency: 14.82% of 07:58:40 core-walltime
Job Wall-clock time: 00:23:56
Memory Utilized: 701.52 MB
Memory Efficiency: 0.75% of 91.80 GB
