Threads: 20
time python3.9 -u run_config.py config/pubmed-gcn.edn
{"model_names" ["GCN"]
 "dataset_names" ["PubMed"]
 "samplers" ["own"]
 "budget" 20 ;; 20 classes
 "seed" 3133742069
 "repeats" 10
 "hyperparameters"
 {"entropy_pagerank_weighting" [-1 0 0.5 1 2]
  "label_propagation_uncertainty_treshold" [0 0.2] ;; 0 disables label propagation
  "hidden_dim_size" [64]
  "dropout" [0.5]
  "distance_loss_weight" [1]
  "learning_rate" [0.005]}}

GCN PubMed own
Downloading https://github.com/kimiyoung/planetoid/raw/master/data/ind.pubmed.x
Downloading https://github.com/kimiyoung/planetoid/raw/master/data/ind.pubmed.tx
Downloading https://github.com/kimiyoung/planetoid/raw/master/data/ind.pubmed.allx
Downloading https://github.com/kimiyoung/planetoid/raw/master/data/ind.pubmed.y
Downloading https://github.com/kimiyoung/planetoid/raw/master/data/ind.pubmed.ty
Downloading https://github.com/kimiyoung/planetoid/raw/master/data/ind.pubmed.ally
Downloading https://github.com/kimiyoung/planetoid/raw/master/data/ind.pubmed.graph
Downloading https://github.com/kimiyoung/planetoid/raw/master/data/ind.pubmed.test.index
Processing...
Done!
0.7906265919510953
0.7670475220144094
0.7837129757659559
0.7750527618077286
0.7901899425078233
0.783567425951532
0.7543119132523106
0.7032967032967034
0.7401935812531839
0.749435994469107
0.4044829342842588
0.7337166145113165
0.793246488610727
0.7807292045702642
0.7917182155592751
0.6938359653591442
0.782184702714504
0.6645076777527109
0.749727094097955
0.7487082453969871
0.7818208281784441
0.7800742304053563
0.7260752492540572
0.7525653154792228
0.750163743541227
0.7981224073939306
0.7792737064260243
0.7459427989229314
0.7753438614365766
0.771632341168765
0.7794192562404483
0.8091841932901536
0.6278291245178662
0.7663197729422895
0.8199548795575285
0.8127501637435413
0.8190088057637727
0.7310239429444727
0.7598428062004221
0.7416490793974237
0.7784004075394804
0.7888799941780075
0.7663925478495015
0.7815297285495961
0.7920093151881231
0.7986318317444145
0.7735244887562769
0.7541663634378866
0.7990684811876865
0.7562040608398224
0.706717123935667
0.8005239793319263
0.7368459355214322
0.7540208136234626
0.7958663852703588
0.8056182228367659
0.6915071683283603
0.7734517138490649
0.7850229240957718
0.8135506877228732
0.7572229095407903
0.7959391601775708
0.7867695218688596
0.7871333964049196
0.8005239793319263
0.7869150716832836
0.7655920238701696
0.7257841496252092
0.7727239647769449
0.7877155956626155
0.7869878465904956
0.7992868059093224
0.7469616476238993
0.8085292191252457
0.7836402008587439
0.71741503529583
0.706207699585183
0.771923440797613
0.80467214904301
0.7805108798486282
0.6937631904519321
0.7556946364893384
0.7813114038279602
0.7148679135434103
0.7416490793974237
0.717196710574194
0.7516920165926788
0.6912888436067244
0.7359726366348883
0.7741794629211848
0.7217087548213376
0.8131868131868132
0.7246197511098174
0.7680663707153773
0.7092642456880868
0.7691579943235572
0.7679208209009534
0.7421585037479077
slurmstepd: error: *** JOB 22950009 ON uc2n514 CANCELLED AT 2023-12-18T20:02:01 DUE TO TIME LIMIT ***

============================= JOB FEEDBACK =============================

NodeName=uc2n514
Job ID: 22950009
Cluster: uc2
User/Group: ul_rvl52/ul_student
State: TIMEOUT (exit code 0)
Nodes: 1
Cores per node: 20
CPU Utilized: 00:00:00
CPU Efficiency: 0.00% of 5-00:03:20 core-walltime
Job Wall-clock time: 06:00:10
Memory Utilized: 2.06 GB
Memory Efficiency: 2.25% of 91.80 GB
