Threads: 20
time python3.9 -u run_config.py config/reddit2-gcn.edn
{"model_names" ["GCN"]
 "dataset_names" ["Reddit2"]
 "samplers" ["own"]
 "budget" 20 ;; 20 classes
 "seed" 3133742069
 "repeats" 10
 "hyperparameters"
 {"entropy_pagerank_weighting" [-1 0 0.5 1 2]
  "label_propagation_uncertainty_treshold" [0 0.2] ;; 0 disables label propagation
  "hidden_dim_size" [64]
  "dropout" [0.5]
  "distance_loss_weight" [1]
  "learning_rate" [0.005]}}

GCN Reddit2 own
Downloading https://docs.google.com/uc?export=download&id=1sncK996BM5lpuDf75lDFqCiDZyErc1c2&confirm=t
Downloading https://docs.google.com/uc?export=download&id=1ZsHaJ0ussP1W722krmEIp_8pwKAoi5b3&confirm=t
Downloading https://docs.google.com/uc?export=download&id=1JF3Pjv9OboMNYs2aXRQGbJbc4t_nDd5u&confirm=t
Downloading https://docs.google.com/uc?export=download&id=1nJIKd77lcAGU4j-kVNx_AIGEkveIKz3A&confirm=t
Processing...
Done!
Command terminated by signal 9
342.49user 242.72system 8:11.24elapsed 119%CPU (0avgtext+0avgdata 96098968maxresident)k
9510584inputs+4153656outputs (1109668major+12341038minor)pagefaults 0swaps
slurmstepd: error: Detected 1 oom_kill event in StepId=22950012.batch. Some of the step tasks have been OOM Killed.

============================= JOB FEEDBACK =============================

NodeName=uc2n517
Job ID: 22950012
Cluster: uc2
User/Group: ul_rvl52/ul_student
State: OUT_OF_MEMORY (exit code 0)
Nodes: 1
Cores per node: 20
CPU Utilized: 00:09:45
CPU Efficiency: 5.59% of 02:54:20 core-walltime
Job Wall-clock time: 00:08:43
Memory Utilized: 91.60 GB
Memory Efficiency: 99.78% of 91.80 GB
