Threads: 20
time python3.9 -u run_config.py config/cora-gcn.edn
{"model_names" ["GCN"]
 "dataset_names" ["Cora"]
 "samplers" ["own"]
 "budget" 20 ;; 20 classes
 "seed" 3133742069
 "repeats" 10
 "hyperparameters"
 {"entropy_pagerank_weighting" [-1 0 0.5 1 2]
  "label_propagation_uncertainty_treshold" [0 0.2] ;; 0 disables label propagation
  "hidden_dim_size" [64]
  "dropout" [0.5]
  "distance_loss_weight" [1]
  "learning_rate" [0.005]}}

GCN Cora own
0.8063963449457453
0.7527127355796688
0.7892632781267847
0.7464306110793832
0.7852655625356939
0.7961165048543689
0.7669902912621359
0.7984009137635637
0.7801256424900057
0.7972587093089663
0.8400913763563678
0.8166761850371217
0.8349514563106796
0.8046830382638492
0.8349514563106796
0.8189605939463164
0.8349514563106796
0.8115362649914335
0.8823529411764706
0.8263849229011994
0.8058252427184466
0.7989720159908623
0.7966876070816676
0.8132495716733296
0.7835522558537978
0.810394060536836
0.8155339805825242
0.7778412335808109
0.7744146202170189
0.7984009137635637
0.8201027984009137
0.8458023986293547
0.8475157053112508
0.834380354083381
0.8046830382638492
0.8143917761279269
0.8475157053112508
0.8001142204454598
0.8229583095374072
0.846944603083952
0.8235294117647058
0.8121073672187321
0.8155339805825242
0.805254140491148
0.799543118218161
0.8149628783552256
0.7881210736721873
0.8092518560822387
0.7972587093089663
0.8126784694460308
0.8355225585379783
0.8046830382638492
0.8418046830382638
0.8006853226727584
0.7984009137635637
0.828669331810394
0.8315248429468874
0.8349514563106796
0.8366647629925756
0.7898343803540834
0.80868075385494
0.770416904625928
0.7955454026270703
0.7732724157624215
0.7915476870359794
0.7909765848086807
0.8018275271273558
0.8035408338092519
0.7921187892632782
0.779554540262707
0.8046830382638492
0.8418046830382638
0.8526556253569388
0.8212450028555112
0.828669331810394
0.8206739006282124
0.8115362649914335
0.78697886921759
0.856082238720731
0.7766990291262136
0.7664191890348372
0.7818389491719018
0.7470017133066819
0.7727013135351228
0.7635636778983438
0.7875499714448886
0.7692747001713307
0.7492861222158766
0.7549971444888635
0.7629925756710452
0.8206739006282124
0.7858366647629925
0.8218161050828098
0.80868075385494
0.8320959451741862
0.799543118218161
0.8183894917190178
0.8280982295830954
0.78697886921759
0.8298115362649914
992.31user 2199.52system 12:52.18elapsed 413%CPU (0avgtext+0avgdata 552272maxresident)k
136584inputs+1904outputs (1major+8248001minor)pagefaults 0swaps

============================= JOB FEEDBACK =============================

NodeName=uc2n508
Job ID: 22950003
Cluster: uc2
User/Group: ul_rvl52/ul_student
State: COMPLETED (exit code 0)
Nodes: 1
Cores per node: 20
CPU Utilized: 00:53:12
CPU Efficiency: 19.88% of 04:27:40 core-walltime
Job Wall-clock time: 00:13:23
Memory Utilized: 526.16 MB
Memory Efficiency: 0.56% of 91.80 GB
