Threads: 20
time python3.9 -u run_config.py config/pubmed-gpn-gcn.edn
{"model_names" ["GPN-GCN"]
 "dataset_names" ["PubMed"]
 "samplers" ["own"]
 "budget" 20 ;; 20 classes
 "seed" 3133742069
 "repeats" 10
 "hyperparameters"
 {"entropy_pagerank_weighting" [-1 0 0.5 1 2]
  "label_propagation_uncertainty_treshold" [0 0.2] ;; 0 disables label propagation
  "hidden_dim_size" [64]
  "dropout" [0.5]
  "distance_loss_weight" [1]
  "learning_rate" [0.005]}}

GPN-GCN PubMed own
Downloading https://github.com/kimiyoung/planetoid/raw/master/data/ind.pubmed.x
Downloading https://github.com/kimiyoung/planetoid/raw/master/data/ind.pubmed.tx
Downloading https://github.com/kimiyoung/planetoid/raw/master/data/ind.pubmed.allx
Downloading https://github.com/kimiyoung/planetoid/raw/master/data/ind.pubmed.y
Downloading https://github.com/kimiyoung/planetoid/raw/master/data/ind.pubmed.ty
Downloading https://github.com/kimiyoung/planetoid/raw/master/data/ind.pubmed.ally
Downloading https://github.com/kimiyoung/planetoid/raw/master/data/ind.pubmed.graph
Downloading https://github.com/kimiyoung/planetoid/raw/master/data/ind.pubmed.test.index
Processing...
Done!
0.7588239574994542
0.727821847027145
0.7161778618732261
0.7118113674405065
0.7636271013754458
0.7516192416854669
0.7489993450258351
0.7660286733134415
0.7674113965504694
0.804089949785314
0.7735972636634888
0.7433956771705116
0.8028527763627101
0.7647914998908376
0.7866239720544357
0.7450695000363875
0.684957426679281
0.7252019503675132
0.8020522523833782
0.7957208354559347
0.7524197656647987
0.739101957645004
0.7728695145913689
0.6233898551779347
0.7305145185939887
0.7920820900953351
0.7861145477039517
0.7382286587584601
0.6883050724110327
