Executable python3.9 tune.py running on 80 cores with 40 threads
python3.9 tune.py
Downloading https://github.com/kimiyoung/planetoid/raw/master/data/ind.cora.x
Downloading https://github.com/kimiyoung/planetoid/raw/master/data/ind.cora.tx
Downloading https://github.com/kimiyoung/planetoid/raw/master/data/ind.cora.allx
Downloading https://github.com/kimiyoung/planetoid/raw/master/data/ind.cora.y
Downloading https://github.com/kimiyoung/planetoid/raw/master/data/ind.cora.ty
Downloading https://github.com/kimiyoung/planetoid/raw/master/data/ind.cora.ally
Downloading https://github.com/kimiyoung/planetoid/raw/master/data/ind.cora.graph
Downloading https://github.com/kimiyoung/planetoid/raw/master/data/ind.cora.test.index
Processing...
Done!
12600 jobs to be started
slurmstepd: error: *** JOB 22701092 ON uc2n308 CANCELLED AT 2023-10-12T11:58:05 DUE TO TIME LIMIT ***

============================= JOB FEEDBACK =============================

NodeName=uc2n308
Job ID: 22701092
Cluster: uc2
User/Group: ul_rvl52/ul_student
State: TIMEOUT (exit code 0)
Nodes: 1
Cores per node: 80
CPU Utilized: 00:00:39
CPU Efficiency: 0.02% of 2-05:57:20 core-walltime
Job Wall-clock time: 00:40:28
Memory Utilized: 24.89 GB
Memory Efficiency: 28.32% of 87.89 GB

============================= JOB FEEDBACK =============================

NodeName=uc2n308
Job ID: 22701092
Cluster: uc2
User/Group: ul_rvl52/ul_student
State: TIMEOUT (exit code 0)
Nodes: 1
Cores per node: 80
CPU Utilized: 00:00:39
CPU Efficiency: 0.02% of 2-05:57:20 core-walltime
Job Wall-clock time: 00:40:28
Memory Utilized: 24.89 GB
Memory Efficiency: 28.32% of 87.89 GB
