Threads: 20
time python3.9 -u run_config.py config/cora-gpn-gcn.edn
{"model_names" ["GPN-GCN"]
 "dataset_names" ["Cora"]
 "samplers" ["own"]
 "budget" 20 ;; 20 classes
 "seed" 3133742069
 "repeats" 10
 "hyperparameters"
 {"entropy_pagerank_weighting" [-1 0 0.5 1 2]
  "label_propagation_uncertainty_treshold" [0 0.2] ;; 0 disables label propagation
  "hidden_dim_size" [64]
  "dropout" [0.5]
  "distance_loss_weight" [1]
  "learning_rate" [0.005]}}

GPN-GCN Cora own
Downloading https://github.com/kimiyoung/planetoid/raw/master/data/ind.cora.x
Downloading https://github.com/kimiyoung/planetoid/raw/master/data/ind.cora.tx
Downloading https://github.com/kimiyoung/planetoid/raw/master/data/ind.cora.allx
Downloading https://github.com/kimiyoung/planetoid/raw/master/data/ind.cora.y
Downloading https://github.com/kimiyoung/planetoid/raw/master/data/ind.cora.ty
Downloading https://github.com/kimiyoung/planetoid/raw/master/data/ind.cora.ally
Downloading https://github.com/kimiyoung/planetoid/raw/master/data/ind.cora.graph
Downloading https://github.com/kimiyoung/planetoid/raw/master/data/ind.cora.test.index
Processing...
Done!
0.779554540262707
0.797829811536265
0.7875499714448886
0.7418617932609937
0.7829811536264991
0.7367218732153056
0.7647058823529411
0.7835522558537978
0.7744146202170189
0.7898343803540834
0.8138206739006282
0.8332381496287835
0.8218161050828098
0.8029697315819532
0.8006853226727584
0.7567104511707595
0.8063963449457453
0.8143917761279269
0.8138206739006282
0.845231296402056
0.768703597944032
0.7749857224443175
0.7921187892632782
0.78697886921759
0.7241576242147344
0.6927470017133067
0.7915476870359794
0.7281553398058253
0.7173043974871502
0.7515705311250714
0.8532267275842376
0.7864077669902912
0.8258138206739006
0.8480868075385494
0.8646487721302113
0.8223872073101085
0.8263849229011994
0.8383780696744717
0.750428326670474
0.8280982295830954
0.7846944603083952
0.7858366647629925
0.7966876070816676
0.7310108509423187
0.7806967447173044
0.788692175899486
0.781267846944603
0.7949743003997716
0.7561393489434609
0.739577384351799
0.8498001142204454
0.8595088520845231
0.8212450028555112
0.8400913763563678
0.8395202741290692
0.7761279268989149
0.8001142204454598
0.8532267275842376
0.8309537407195888
0.805254140491148
0.7944031981724728
0.7984009137635637
0.7738435179897202
0.7852655625356939
0.7801256424900057
0.7607081667618504
0.7824100513992005
0.8098229583095374
0.7675613934894346
0.750428326670474
0.8480868075385494
0.8492290119931468
0.8303826384922901
0.7966876070816676
0.8646487721302113
0.846944603083952
0.8372358652198744
0.8446601941747572
0.8315248429468874
0.7829811536264991
0.7772701313535123
0.768703597944032
0.7544260422615648
0.7527127355796688
0.7635636778983438
0.7852655625356939
0.7721302113078241
0.7527127355796688
0.7487150199885779
0.7732724157624215
0.8092518560822387
0.7829811536264991
0.7875499714448886
0.7858366647629925
0.826956025128498
0.8303826384922901
0.8172472872644203
0.8355225585379783
0.7852655625356939
0.8349514563106796
1399.25user 2744.95system 17:27.60elapsed 395%CPU (0avgtext+0avgdata 647460maxresident)k
56888inputs+33800outputs (0major+4865562minor)pagefaults 0swaps

============================= JOB FEEDBACK =============================

NodeName=uc2n514
Job ID: 22950004
Cluster: uc2
User/Group: ul_rvl52/ul_student
State: COMPLETED (exit code 0)
Nodes: 1
Cores per node: 20
CPU Utilized: 01:09:04
CPU Efficiency: 19.17% of 06:00:20 core-walltime
Job Wall-clock time: 00:18:01
Memory Utilized: 613.61 MB
Memory Efficiency: 0.65% of 91.80 GB
