Threads: 20
time python3.9 -u run_config.py config/cora-lp.edn
{"model_names" ["LP"]
 "dataset_names" ["Cora"]
 "samplers" ["own"]
 "budget" 20 ;; 20 classes
 "seed" 3133742069
 "repeats" 10
 "hyperparameters"
 {"entropy_pagerank_weighting" [-1 0 0.5 1 2]
  "label_propagation_uncertainty_treshold" [0 0.2] ;; 0 disables label propagation
  "hidden_dim_size" [64]
  "dropout" [0.5]
  "distance_loss_weight" [1]
  "learning_rate" [0.005]}}

LP Cora own
0.6853226727584237
0.6647629925756711
0.6664762992575671
0.6099371787549971
0.6561964591661907
0.6601941747572816
0.6453455168475157
0.6373500856653341
0.6864648772130212
0.663049685893775
0.7447173043974872
0.7344374643061108
0.7161621930325528
0.7087378640776699
0.7418617932609937
0.7144488863506567
0.7275842375785265
0.7024557395773844
0.7658480868075386
0.7327241576242147
0.6653340948029697
0.6704740148486579
0.6653340948029697
0.6607652769845802
0.6419189034837236
0.6624785836664763
0.6824671616219303
0.6607652769845802
0.653912050256996
0.6767561393489434
0.7350085665334095
0.7544260422615648
0.7618503712164477
0.7390062821245003
0.7544260422615648
0.7464306110793832
0.7629925756710452
0.7173043974871502
0.7475728155339806
0.7441462021701885
0.6710451170759566
0.6653340948029697
0.6504854368932039
0.6721873215305539
0.6042261564820103
0.6796116504854369
0.6744717304397487
0.615648201027984
0.6590519703026841
0.6761850371216448
0.7424328954882924
0.7584237578526556
0.7138777841233581
0.7430039977155911
0.7007424328954883
0.739577384351799
0.7207310108509423
0.7058823529411765
0.7355796687607081
0.7498572244431754
0.6853226727584237
0.6647629925756711
0.6664762992575671
0.6099371787549971
0.653912050256996
0.6601941747572816
0.6453455168475157
0.6373500856653341
0.6836093660765277
0.663049685893775
0.7447173043974872
0.7344374643061108
0.7127355796687607
0.7087378640776699
0.7378640776699029
0.7127355796687607
0.7275842375785265
0.7024557395773844
0.7629925756710452
0.7327241576242147
0.6442033123929183
0.6550542547115934
0.6453455168475157
0.6579097658480868
0.6196459166190749
0.6464877213021131
0.6310679611650486
0.6442033123929183
0.6333523700742433
0.6310679611650486
0.7173043974871502
0.7201599086236437
0.7115933752141633
0.7338663620788121
0.7310108509423187
0.7235865219874358
0.7138777841233581
0.7367218732153056
0.7058823529411765
0.7378640776699029
683.86user 2366.88system 7:33.38elapsed 672%CPU (0avgtext+0avgdata 512312maxresident)k
8inputs+1488outputs (0major+9377273minor)pagefaults 0swaps

============================= JOB FEEDBACK =============================

NodeName=uc2n518
Job ID: 22950005
Cluster: uc2
User/Group: ul_rvl52/ul_student
State: COMPLETED (exit code 0)
Nodes: 1
Cores per node: 20
CPU Utilized: 00:50:51
CPU Efficiency: 31.52% of 02:41:20 core-walltime
Job Wall-clock time: 00:08:04
Memory Utilized: 435.44 MB
Memory Efficiency: 0.46% of 91.80 GB
