Threads: 20
time python3.9 -u run_config.py config/citeseer-lp.edn
{"model_names" ["LP"]
 "dataset_names" ["CiteSeer"]
 "samplers" ["own"]
 "budget" 20 ;; 20 classes
 "seed" 3133742069
 "repeats" 10
 "hyperparameters"
 {"entropy_pagerank_weighting" [-1 0 0.5 1 2]
  "label_propagation_uncertainty_treshold" [0 0.2] ;; 0 disables label propagation
  "hidden_dim_size" [64]
  "dropout" [0.5]
  "distance_loss_weight" [1]
  "learning_rate" [0.005]}}

LP CiteSeer own
0.43789664551223934
0.45693563009972804
0.43517679057116954
0.44152311876699907
0.4669084315503173
0.44242973708068906
0.4741613780598368
0.4601087941976428
0.4796010879419764
0.47189483227561196
0.5126926563916591
0.5090661831368993
0.5004533091568449
0.5031731640979148
0.514505893019039
0.4959202175883953
0.5244786944696282
0.5099728014505893
0.5403445149592022
0.5362647325475974
0.4814143245693563
0.5040797824116047
0.46645512239347237
0.4823209428830462
0.4524025385312783
0.4700815956482321
0.47506799637352676
0.49637352674524027
0.442883046237534
0.47098821396192203
0.5661831368993654
0.5616500453309157
0.5403445149592022
0.5589301903898459
0.5049864007252947
0.5362647325475974
0.5321849501359928
0.5611967361740707
0.514959202175884
0.5380779691749773
0.5
0.4700815956482321
0.4791477787851315
0.48050770625566636
0.4968268359020852
0.47234814143245696
0.4546690843155032
0.4614687216681777
0.48050770625566636
0.4605621033544878
0.5553037171350861
0.541704442429737
0.543970988213962
0.5362647325475974
0.5498640072529465
0.5344514959202176
0.5131459655485041
0.5317316409791478
0.5339981867633726
0.5176790571169537
0.4342701722574796
0.45648232094288305
0.43563009972801453
0.44152311876699907
0.4669084315503173
0.4329102447869447
0.4728014505893019
0.457842248413418
0.4800543970988214
0.47189483227561196
0.5036264732547597
0.5077062556663645
0.499546690843155
0.5036264732547597
0.514505893019039
0.4913871260199456
0.5235720761559384
0.5099728014505893
0.5385312783318223
0.5339981867633726
0.4134179510426111
0.40661831368993656
0.4111514052583862
0.44061650045330913
0.4224841341795104
0.42611060743427015
0.4487760652765186
0.43880326382592927
0.4582955575702629
0.44469628286491386
0.5058930190389845
0.5036264732547597
0.4986400725294651
0.50090661831369
0.5018132366273799
0.4968268359020852
0.5213055303717135
0.5231187669990934
0.5158658204895739
0.5317316409791478
642.93user 2243.83system 6:30.52elapsed 739%CPU (0avgtext+0avgdata 873848maxresident)k
10976inputs+1448outputs (0major+827296minor)pagefaults 0swaps

============================= JOB FEEDBACK =============================

NodeName=uc2n518
Job ID: 22950002
Cluster: uc2
User/Group: ul_rvl52/ul_student
State: COMPLETED (exit code 0)
Nodes: 1
Cores per node: 20
CPU Utilized: 00:48:07
CPU Efficiency: 34.29% of 02:20:20 core-walltime
Job Wall-clock time: 00:07:01
Memory Utilized: 499.70 MB
Memory Efficiency: 0.53% of 91.80 GB
