Executable python3.9 tune.py running on 80 cores with 40 threads
python3.9 tune.py
Downloading https://github.com/kimiyoung/planetoid/raw/master/data/ind.cora.x
Downloading https://github.com/kimiyoung/planetoid/raw/master/data/ind.cora.tx
Downloading https://github.com/kimiyoung/planetoid/raw/master/data/ind.cora.allx
Downloading https://github.com/kimiyoung/planetoid/raw/master/data/ind.cora.y
Downloading https://github.com/kimiyoung/planetoid/raw/master/data/ind.cora.ty
Downloading https://github.com/kimiyoung/planetoid/raw/master/data/ind.cora.ally
Downloading https://github.com/kimiyoung/planetoid/raw/master/data/ind.cora.graph
Downloading https://github.com/kimiyoung/planetoid/raw/master/data/ind.cora.test.index
Processing...
Done!
1296 jobs to be started
slurmstepd: error: *** JOB 22699534 ON uc2n374 CANCELLED AT 2023-10-11T15:37:29 DUE TO TIME LIMIT ***
Process ForkPoolWorker-19:
Traceback (most recent call last):
  File "/home/ul/ul_student/ul_rvl52/.local/lib/python3.9/site-packages/multiprocess/pool.py", line 131, in worker
    put((job, i, result))
  File "/home/ul/ul_student/ul_rvl52/.local/lib/python3.9/site-packages/multiprocess/queues.py", line 380, in put
    self._writer.send_bytes(obj)
  File "/home/ul/ul_student/ul_rvl52/.local/lib/python3.9/site-packages/multiprocess/connection.py", line 203, in send_bytes
    self._send_bytes(m[offset:offset + size])
  File "/home/ul/ul_student/ul_rvl52/.local/lib/python3.9/site-packages/multiprocess/connection.py", line 407, in _send_bytes
    self._send(header)
  File "/home/ul/ul_student/ul_rvl52/.local/lib/python3.9/site-packages/multiprocess/connection.py", line 371, in _send
    n = write(self._handle, buf)
BrokenPipeError: [Errno 32] Broken pipe

During handling of the above exception, another exception occurred:

Traceback (most recent call last):
  File "/home/ul/ul_student/ul_rvl52/.local/lib/python3.9/site-packages/multiprocess/process.py", line 315, in _bootstrap
    self.run()
  File "/home/ul/ul_student/ul_rvl52/.local/lib/python3.9/site-packages/multiprocess/process.py", line 108, in run
    self._target(*self._args, **self._kwargs)
  File "/home/ul/ul_student/ul_rvl52/.local/lib/python3.9/site-packages/multiprocess/pool.py", line 136, in worker
    put((job, i, (False, wrapped)))
  File "/home/ul/ul_student/ul_rvl52/.local/lib/python3.9/site-packages/multiprocess/queues.py", line 380, in put
    self._writer.send_bytes(obj)
  File "/home/ul/ul_student/ul_rvl52/.local/lib/python3.9/site-packages/multiprocess/connection.py", line 203, in send_bytes
    self._send_bytes(m[offset:offset + size])
  File "/home/ul/ul_student/ul_rvl52/.local/lib/python3.9/site-packages/multiprocess/connection.py", line 407, in _send_bytes
    self._send(header)
  File "/home/ul/ul_student/ul_rvl52/.local/lib/python3.9/site-packages/multiprocess/connection.py", line 371, in _send
    n = write(self._handle, buf)
BrokenPipeError: [Errno 32] Broken pipe
0.29865361077111385
0.1383108935128519
0.34394124847001223
0.1383108935128519
0.3769889840881273
0.3635250917992656
0.34516523867809057
0.21052631578947367
0.22643818849449204
0.12974296205630356
0.32313341493268055
0.2521419828641371
0.17870257037943696
0.2998776009791922
0.12974296205630356
0.15667074663402691
0.5507955936352509
0.26560587515299877
0.21052631578947367
0.2778457772337821

============================= JOB FEEDBACK =============================

NodeName=uc2n374
Job ID: 22699534
Cluster: uc2
User/Group: ul_rvl52/ul_student
State: TIMEOUT (exit code 0)
Nodes: 1
Cores per node: 80
CPU Utilized: 00:00:27
CPU Efficiency: 0.01% of 2-05:30:40 core-walltime
Job Wall-clock time: 00:40:08
Memory Utilized: 24.16 GB
Memory Efficiency: 27.49% of 87.89 GB
