Threads: 20
time python3.9 -u run_config.py config/reddit2-lp.edn
{"model_names" ["LP"]
 "dataset_names" ["Reddit2"]
 "samplers" ["own"]
 "budget" 20 ;; 20 classes
 "seed" 3133742069
 "repeats" 10
 "hyperparameters"
 {"entropy_pagerank_weighting" [-1 0 0.5 1 2]
  "label_propagation_uncertainty_treshold" [0 0.2] ;; 0 disables label propagation
  "hidden_dim_size" [64]
  "dropout" [0.5]
  "distance_loss_weight" [1]
  "learning_rate" [0.005]}}

LP Reddit2 own
Command terminated by signal 9
373.82user 357.41system 7:29.37elapsed 162%CPU (0avgtext+0avgdata 96114592maxresident)k
8637848inputs+24outputs (400872major+18209289minor)pagefaults 0swaps
slurmstepd: error: Detected 1 oom_kill event in StepId=22950014.batch. Some of the step tasks have been OOM Killed.

============================= JOB FEEDBACK =============================

NodeName=uc2n517
Job ID: 22950014
Cluster: uc2
User/Group: ul_rvl52/ul_student
State: OUT_OF_MEMORY (exit code 0)
Nodes: 1
Cores per node: 20
CPU Utilized: 00:12:11
CPU Efficiency: 7.61% of 02:40:00 core-walltime
Job Wall-clock time: 00:08:00
Memory Utilized: 91.56 GB
Memory Efficiency: 99.74% of 91.80 GB
